// Vitest Snapshot v1, https://vitest.dev/guide/snapshot.html

exports[`role child blocks > keeps ordinary call rendering unchanged with unrelated details 1`] = `"<div class="flex flex-col gap-1 my-1.5"><div class="text-xs font-mono border-l-2 border-zinc-700/50 bg-zinc-900/40 rounded-r"><button type="button" class="flex items-center gap-1.5 px-2 pt-1.5 pb-0.5 w-full text-left cursor-pointer select-none" aria-expanded="false"><svg xmlns="http://www.w3.org/2000/svg" width="1em" height="1em" fill="currentColor" viewBox="0 0 256 256" class="w-3 h-3 shrink-0 text-emerald-400"><path d="M229.66,77.66l-128,128a8,8,0,0,1-11.32,0l-56-56a8,8,0,0,1,11.32-11.32L96,188.69,218.34,66.34a8,8,0,0,1,11.32,11.32Z"></path></svg><span class="text-zinc-300 flex-1 truncate" title="bash $ echo hello">bash $ echo hello</span><span class="text-[10px] text-emerald-400">Succeeded</span><span class="text-[10px] text-zinc-600 shrink-0">Ctrl+O</span></button></div></div>"`;
